// Jest Snapshot v1, https://goo.gl/fbAQLP

exports[`<FormLoading /> Matches its snapshot 1`] = `
<div
  className="MuiCircularProgress-root-2 MuiCircularProgress-colorPrimary-5 MuiCircularProgress-indeterminate-4 FormLoading-spinner-1"
  role="progressbar"
  style={
    Object {
      "height": 32,
      "width": 32,
    }
  }
>
  <svg
    className="MuiCircularProgress-svg-7"
    viewBox="0 0 50 50"
  >
    <circle
      className="MuiCircularProgress-circle-8 MuiCircularProgress-circleIndeterminate-10"
      cx={25}
      cy={25}
      fill="none"
      r={20}
      strokeWidth={3.6}
      style={Object {}}
    />
  </svg>
</div>
`;
