// Jest Snapshot v1, https://goo.gl/fbAQLP

exports[`<Register /> Matches its snapshot 1`] = `
<div
  className="ThinLayout-wrapper-1"
  id="layout__wrapper"
>
  <div />
  <div
    className="ThinLayout-thinWrapper-2"
    id="layout__thin-wrapper"
  >
    <header
      className="Header-wrapper-3"
    >
      <img
        alt="EditVR logo"
        className="Header-logo-4"
        src="editvr-logo.svg"
      />
    </header>
    <h1
      className="MuiTypography-root-5 MuiTypography-headline-10"
    >
      Register for an EditVR Account
    </h1>
    <form
      onSubmit={[Function]}
    >
      <div
        aria-describedby="username-helper-text"
        className="MuiFormControl-root-31 C-textField-29"
        onBlur={[Function]}
        onFocus={[Function]}
      >
        <label
          className="MuiFormLabel-root-40 MuiInputLabel-root-35 MuiInputLabel-formControl-36 MuiInputLabel-animated-39"
          data-shrink={false}
          htmlFor="username"
        >
          Username
          <span
            className="MuiFormLabel-asterisk-44"
          >
             *
          </span>
        </label>
        <div
          className="MuiInput-root-45 MuiInput-formControl-46 MuiInput-underline-49"
        >
          <input
            aria-invalid={false}
            aria-required={true}
            autoComplete={undefined}
            autoFocus={undefined}
            className="MuiInput-input-53"
            defaultValue={undefined}
            disabled={false}
            id="username"
            name={undefined}
            onBlur={[Function]}
            onChange={[Function]}
            onFocus={[Function]}
            onKeyDown={undefined}
            onKeyUp={undefined}
            placeholder={undefined}
            readOnly={undefined}
            required={true}
            rows={undefined}
            type="text"
            value={undefined}
          />
        </div>
        <p
          className="MuiFormHelperText-root-58"
          id="username-helper-text"
        >
          Enter a URL-friendly username.
        </p>
      </div>
      <div
        aria-describedby="email-helper-text"
        className="MuiFormControl-root-31 C-textField-29"
        onBlur={[Function]}
        onFocus={[Function]}
      >
        <label
          className="MuiFormLabel-root-40 MuiInputLabel-root-35 MuiInputLabel-formControl-36 MuiInputLabel-animated-39"
          data-shrink={false}
          htmlFor="email"
        >
          Email
          <span
            className="MuiFormLabel-asterisk-44"
          >
             *
          </span>
        </label>
        <div
          className="MuiInput-root-45 MuiInput-formControl-46 MuiInput-underline-49"
        >
          <input
            aria-invalid={false}
            aria-required={true}
            autoComplete={undefined}
            autoFocus={undefined}
            className="MuiInput-input-53 MuiInput-inputType-56"
            defaultValue={undefined}
            disabled={false}
            id="email"
            name={undefined}
            onBlur={[Function]}
            onChange={[Function]}
            onFocus={[Function]}
            onKeyDown={undefined}
            onKeyUp={undefined}
            placeholder={undefined}
            readOnly={undefined}
            required={true}
            rows={undefined}
            type="email"
            value={undefined}
          />
        </div>
        <p
          className="MuiFormHelperText-root-58"
          id="email-helper-text"
        >
          Enter your email address.
        </p>
      </div>
      <div
        aria-describedby="password-helper-text"
        className="MuiFormControl-root-31 C-textField-29"
        onBlur={[Function]}
        onFocus={[Function]}
      >
        <label
          className="MuiFormLabel-root-40 MuiInputLabel-root-35 MuiInputLabel-formControl-36 MuiInputLabel-animated-39"
          data-shrink={false}
          htmlFor="password"
        >
          Password
          <span
            className="MuiFormLabel-asterisk-44"
          >
             *
          </span>
        </label>
        <div
          className="MuiInput-root-45 MuiInput-formControl-46 MuiInput-underline-49"
        >
          <input
            aria-invalid={false}
            aria-required={true}
            autoComplete={undefined}
            autoFocus={undefined}
            className="MuiInput-input-53 MuiInput-inputType-56"
            defaultValue={undefined}
            disabled={false}
            id="password"
            name={undefined}
            onBlur={[Function]}
            onChange={[Function]}
            onFocus={[Function]}
            onKeyDown={undefined}
            onKeyUp={undefined}
            placeholder={undefined}
            readOnly={undefined}
            required={true}
            rows={undefined}
            type="password"
            value={undefined}
          />
        </div>
        <p
          className="MuiFormHelperText-root-58"
          id="password-helper-text"
        >
          Enter a nice, long, unique password.
        </p>
      </div>
      <button
        className="MuiButtonBase-root-78 MuiButton-root-62 MuiButton-raised-68 MuiButton-raisedPrimary-69 C-button-30"
        disabled={false}
        onBlur={[Function]}
        onFocus={[Function]}
        onKeyDown={[Function]}
        onKeyUp={[Function]}
        onMouseDown={[Function]}
        onMouseLeave={[Function]}
        onMouseUp={[Function]}
        onTouchEnd={[Function]}
        onTouchMove={[Function]}
        onTouchStart={[Function]}
        tabIndex="0"
        type="submit"
      >
        <span
          className="MuiButton-label-63"
        >
          Register & Login
        </span>
        <span
          className="MuiTouchRipple-root-81"
        />
      </button>
    </form>
    <footer
      className="Footer-wrapper-88"
    >
      <div
        className="Footer-elements-89"
      >
        <a
          href="https://fourkitchens.com"
        >
          <p
            className="MuiTypography-root-5 MuiTypography-body1-14 Footer-text-91"
            type="body1"
          >
            EditVR is a product of
          </p>
          <img
            alt="Four Kitchens"
            className="Footer-logo-90"
            src="4k-logo-reversed.svg"
          />
        </a>
      </div>
    </footer>
  </div>
</div>
`;
