// Jest Snapshot v1, https://goo.gl/fbAQLP

exports[`<App /> Matches its snapshot 1`] = `
<div
  className="Home-wrapper-1"
  id="layout__wrapper"
>
  <div
    className="Home-centerColumn-2"
    id="layout__center"
  >
    <header
      className="Header-wrapper-3"
    >
      <img
        alt="EditVR logo"
        className="Header-logo-4"
        src="editvr-logo.svg"
      />
    </header>
    <p
      className="MuiTypography-root-5 MuiTypography-body1-14"
      type="body1"
    >
      <b>
        EditVR is a free, open-source WebVR editor
      </b>
       that lets you produce interactive and affordable 360 tours and VR stories. EditVR makes immersive experiences available to everyone using devices they already own. Nothing to buy, download, or install!
    </p>
    <footer
      className="Footer-wrapper-29"
    >
      <div
        className="Footer-elements-30"
      >
        <a
          href="https://fourkitchens.com"
        >
          <p
            className="MuiTypography-root-5 MuiTypography-body1-14 Footer-text-32"
            type="body1"
          >
            EditVR is a product of
          </p>
          <img
            alt="Four Kitchens"
            className="Footer-logo-31"
            src="4k-logo-reversed.svg"
          />
        </a>
      </div>
    </footer>
  </div>
</div>
`;
